nohup: ignoring input

  .   ____          _            __ _ _
 /\\ / ___'_ __ _ _(_)_ __  __ _ \ \ \ \
( ( )\___ | '_ | '_| | '_ \/ _` | \ \ \ \
 \\/  ___)| |_)| | | | | || (_| |  ) ) ) )
  '  |____| .__|_| |_|_| |_\__, | / / / /
 =========|_|==============|___/=/_/_/_/

 :: Spring Boot ::                (v3.4.5)

2026-05-11T20:03:56.328+08:00  INFO 14462 --- [mahjong-server] [           main] com.mahjong.MahjongApplication           : Starting MahjongApplication v1.0.0 using Java 17.0.18 with PID 14462 (/root/workspace/Mahjong/mahjong-server/target/mahjong-server-1.0.0.jar started by root in /root/workspace/Mahjong/mahjong-server)
2026-05-11T20:03:56.331+08:00 DEBUG 14462 --- [mahjong-server] [           main] com.mahjong.MahjongApplication           : Running with Spring Boot v3.4.5, Spring v6.2.6
2026-05-11T20:03:56.332+08:00  INFO 14462 --- [mahjong-server] [           main] com.mahjong.MahjongApplication           : No active profile set, falling back to 1 default profile: "default"
2026-05-11T20:03:57.782+08:00  INFO 14462 --- [mahjong-server] [           main] .s.d.r.c.RepositoryConfigurationDelegate : Multiple Spring Data modules found, entering strict repository configuration mode
2026-05-11T20:03:57.785+08:00  INFO 14462 --- [mahjong-server] [           main] .s.d.r.c.RepositoryConfigurationDelegate : Bootstrapping Spring Data JPA repositories in DEFAULT mode.
2026-05-11T20:03:58.071+08:00  INFO 14462 --- [mahjong-server] [           main] .s.d.r.c.RepositoryConfigurationDelegate : Finished Spring Data repository scanning in 273 ms. Found 3 JPA repository interfaces.
2026-05-11T20:03:58.094+08:00  INFO 14462 --- [mahjong-server] [           main] .s.d.r.c.RepositoryConfigurationDelegate : Multiple Spring Data modules found, entering strict repository configuration mode
2026-05-11T20:03:58.096+08:00  INFO 14462 --- [mahjong-server] [           main] .s.d.r.c.RepositoryConfigurationDelegate : Bootstrapping Spring Data Redis repositories in DEFAULT mode.
2026-05-11T20:03:58.117+08:00  INFO 14462 --- [mahjong-server] [           main] .RepositoryConfigurationExtensionSupport : Spring Data Redis - Could not safely identify store assignment for repository candidate interface com.mahjong.service.FriendRepository; If you want this repository to be a Redis repository, consider annotating your entities with one of these annotations: org.springframework.data.redis.core.RedisHash (preferred), or consider extending one of the following types with your repository: org.springframework.data.keyvalue.repository.KeyValueRepository
2026-05-11T20:03:58.118+08:00  INFO 14462 --- [mahjong-server] [           main] .RepositoryConfigurationExtensionSupport : Spring Data Redis - Could not safely identify store assignment for repository candidate interface com.mahjong.service.GameRecordRepository; If you want this repository to be a Redis repository, consider annotating your entities with one of these annotations: org.springframework.data.redis.core.RedisHash (preferred), or consider extending one of the following types with your repository: org.springframework.data.keyvalue.repository.KeyValueRepository
2026-05-11T20:03:58.118+08:00  INFO 14462 --- [mahjong-server] [           main] .RepositoryConfigurationExtensionSupport : Spring Data Redis - Could not safely identify store assignment for repository candidate interface com.mahjong.service.UserRepository; If you want this repository to be a Redis repository, consider annotating your entities with one of these annotations: org.springframework.data.redis.core.RedisHash (preferred), or consider extending one of the following types with your repository: org.springframework.data.keyvalue.repository.KeyValueRepository
2026-05-11T20:03:58.118+08:00  INFO 14462 --- [mahjong-server] [           main] .s.d.r.c.RepositoryConfigurationDelegate : Finished Spring Data repository scanning in 7 ms. Found 0 Redis repository interfaces.
2026-05-11T20:03:58.781+08:00  INFO 14462 --- [mahjong-server] [           main] o.s.b.w.embedded.tomcat.TomcatWebServer  : Tomcat initialized with port 8080 (http)
2026-05-11T20:03:58.803+08:00  INFO 14462 --- [mahjong-server] [           main] o.apache.catalina.core.StandardService   : Starting service [Tomcat]
2026-05-11T20:03:58.804+08:00  INFO 14462 --- [mahjong-server] [           main] o.apache.catalina.core.StandardEngine    : Starting Servlet engine: [Apache Tomcat/10.1.50]
2026-05-11T20:03:58.850+08:00  INFO 14462 --- [mahjong-server] [           main] o.a.c.c.C.[Tomcat].[localhost].[/]       : Initializing Spring embedded WebApplicationContext
2026-05-11T20:03:58.851+08:00  INFO 14462 --- [mahjong-server] [           main] w.s.c.ServletWebServerApplicationContext : Root WebApplicationContext: initialization completed in 2393 ms
2026-05-11T20:03:59.134+08:00  INFO 14462 --- [mahjong-server] [           main] o.hibernate.jpa.internal.util.LogHelper  : HHH000204: Processing PersistenceUnitInfo [name: default]
2026-05-11T20:03:59.219+08:00  INFO 14462 --- [mahjong-server] [           main] org.hibernate.Version                    : HHH000412: Hibernate ORM core version 6.6.13.Final
2026-05-11T20:03:59.267+08:00  INFO 14462 --- [mahjong-server] [           main] o.h.c.internal.RegionFactoryInitiator    : HHH000026: Second-level cache disabled
2026-05-11T20:03:59.703+08:00  INFO 14462 --- [mahjong-server] [           main] o.s.o.j.p.SpringPersistenceUnitInfo      : No LoadTimeWeaver setup: ignoring JPA class transformer
2026-05-11T20:03:59.762+08:00  INFO 14462 --- [mahjong-server] [           main] com.zaxxer.hikari.HikariDataSource       : HikariPool-1 - Starting...
2026-05-11T20:03:59.981+08:00  INFO 14462 --- [mahjong-server] [           main] com.zaxxer.hikari.pool.HikariPool        : HikariPool-1 - Added connection com.mysql.cj.jdbc.ConnectionImpl@51de5efa
2026-05-11T20:03:59.984+08:00  INFO 14462 --- [mahjong-server] [           main] com.zaxxer.hikari.HikariDataSource       : HikariPool-1 - Start completed.
2026-05-11T20:04:00.061+08:00  WARN 14462 --- [mahjong-server] [           main] org.hibernate.orm.deprecation            : HHH90000025: MySQL8Dialect does not need to be specified explicitly using 'hibernate.dialect' (remove the property setting and it will be selected by default)
2026-05-11T20:04:00.065+08:00  WARN 14462 --- [mahjong-server] [           main] org.hibernate.orm.deprecation            : HHH90000026: MySQL8Dialect has been deprecated; use org.hibernate.dialect.MySQLDialect instead
2026-05-11T20:04:00.111+08:00  INFO 14462 --- [mahjong-server] [           main] org.hibernate.orm.connections.pooling    : HHH10001005: Database info:
	Database JDBC URL [Connecting through datasource 'HikariDataSource (HikariPool-1)']
	Database driver: undefined/unknown
	Database version: 8.0
	Autocommit mode: undefined/unknown
	Isolation level: undefined/unknown
	Minimum pool size: undefined/unknown
	Maximum pool size: undefined/unknown
2026-05-11T20:04:01.570+08:00  INFO 14462 --- [mahjong-server] [           main] o.h.e.t.j.p.i.JtaPlatformInitiator       : HHH000489: No JTA platform available (set 'hibernate.transaction.jta.platform' to enable JTA platform integration)
2026-05-11T20:04:01.660+08:00  INFO 14462 --- [mahjong-server] [           main] j.LocalContainerEntityManagerFactoryBean : Initialized JPA EntityManagerFactory for persistence unit 'default'
2026-05-11T20:04:02.818+08:00  WARN 14462 --- [mahjong-server] [           main] JpaBaseConfiguration$JpaWebConfiguration : spring.jpa.open-in-view is enabled by default. Therefore, database queries may be performed during view rendering. Explicitly configure spring.jpa.open-in-view to disable this warning
Mapping static resources to: file:///C:/Users/23223/Desktop/麻将/mahjong-frontend/
2026-05-11T20:04:03.519+08:00  INFO 14462 --- [mahjong-server] [           main] o.s.b.w.embedded.tomcat.TomcatWebServer  : Tomcat started on port 8080 (http) with context path '/'
2026-05-11T20:04:03.542+08:00  INFO 14462 --- [mahjong-server] [           main] com.mahjong.MahjongApplication           : Started MahjongApplication in 8.175 seconds (process running for 9.006)
Hibernate: 
    select
        ue1_0.id,
        ue1_0.created_at,
        ue1_0.game_count,
        ue1_0.last_login,
        ue1_0.nickname,
        ue1_0.password,
        ue1_0.role,
        ue1_0.status,
        ue1_0.total_score,
        ue1_0.username,
        ue1_0.win_count 
    from
        users ue1_0
Hibernate: 
    select
        ue1_0.id,
        ue1_0.created_at,
        ue1_0.game_count,
        ue1_0.last_login,
        ue1_0.nickname,
        ue1_0.password,
        ue1_0.role,
        ue1_0.status,
        ue1_0.total_score,
        ue1_0.username,
        ue1_0.win_count 
    from
        users ue1_0 
    where
        ue1_0.username=?
2026-05-11T20:04:03.767+08:00  INFO 14462 --- [mahjong-server] [           main] c.mahjong.service.RedisMigrationService  : Redis 迁移完成：当前无内存房间需要迁移
2026-05-11T20:04:16.877+08:00  INFO 14462 --- [mahjong-server] [nio-8080-exec-1] o.a.c.c.C.[Tomcat].[localhost].[/]       : Initializing Spring DispatcherServlet 'dispatcherServlet'
2026-05-11T20:04:16.878+08:00  INFO 14462 --- [mahjong-server] [nio-8080-exec-1] o.s.web.servlet.DispatcherServlet        : Initializing Servlet 'dispatcherServlet'
2026-05-11T20:04:16.880+08:00  INFO 14462 --- [mahjong-server] [nio-8080-exec-1] o.s.web.servlet.DispatcherServlet        : Completed initialization in 2 ms
